<?xml version="1.0" encoding="UTF-8"?>
<testsuites name="Mocha Tests" time="0" tests="1" failures="1">
  <testsuite name="Root Suite" timestamp="2018-03-21T13:44:59" tests="0" failures="0" time="0">
  </testsuite>
  <testsuite name="mapmaker" timestamp="2018-03-21T13:44:59" tests="0" file="/Users/finkingma/node-demo/test/present.spec.js" failures="0" time="0">
  </testsuite>
  <testsuite name="The map generator api" timestamp="2018-03-21T13:44:59" tests="1" file="/Users/finkingma/node-demo/test/present.spec.js" failures="1" time="0">
    <testcase name="mapmaker The map generator api should generate a map in json" time="0" classname="should generate a map in json">
      <failure><![CDATA[TypeError: Cannot read property 'status' of null
    at Test.<anonymous> (test/present.spec.js:16:25)
    at Test.assert (node_modules/supertest/lib/test.js:165:8)
    at assert (node_modules/supertest/lib/test.js:131:12)
    at /Users/finkingma/node-demo/node_modules/supertest/lib/test.js:128:5
    at Test.Request.callback (node_modules/superagent/lib/node/index.js:718:3)
    at ClientRequest.req.once.err (node_modules/superagent/lib/node/index.js:646:10)
    at Socket.socketErrorListener (_http_client.js:394:9)
    at emitErrorNT (internal/streams/destroy.js:64:8)
    at process._tickCallback (internal/process/next_tick.js:114:19)]]></failure>
    </testcase>
  </testsuite>
</testsuites>